// Jest Snapshot v1, https://goo.gl/fbAQLP

exports[`Render default 'Create Booking' modal 1`] = `
<styled.form>
  <h1>
    Create Booking
  </h1>
  <div
    id="labeled_booking_name"
  >
    <label
      htmlFor="booking_name"
    >
      Booking Name
    </label>
    <input
      id="booking_name"
    />
  </div>
  <Memo(Connect(AccommodationDetails)) />
  <div
    id="labeled_notes"
  >
    <label
      htmlFor="notes"
    >
      Notes
    </label>
    <textarea />
  </div>
  <div
    id="formControls"
  >
    <button>
      Save
    </button>
    <button>
      Cancel
    </button>
  </div>
</styled.form>
`;
