// Jest Snapshot v1, https://goo.gl/fbAQLP

exports[`Render default 'Create Booking' modal 1`] = `
<styled.form
  onSubmit={[Function]}
>
  <h1>
    Create Booking
  </h1>
  <div
    id="labeled_booking_name"
  >
    <label
      htmlFor="booking_name"
    >
      Booking Name
    </label>
    <input
      id="booking_name"
      onChange={[Function]}
      value=""
    />
  </div>
  <Memo(Connect(AccommodationDetails))
    addGuest={[Function]}
    addRoom={[Function]}
    editGuestDetails={[Function]}
    rooms={Array []}
    selectRoom={[Function]}
    selectRoomOption={[Function]}
    selectedRoom={0}
  />
  <div
    id="labeled_notes"
  >
    <label
      htmlFor="notes"
    >
      Notes
    </label>
    <textarea
      id="booking_notes"
      onChange={[Function]}
      value=""
    />
  </div>
  <div
    id="formControls"
  >
    <button
      onClick={[Function]}
      type="reset"
    >
      Cancel
    </button>
    <button
      type="submit"
    >
      Save
    </button>
  </div>
</styled.form>
`;
