// Jest Snapshot v1, https://goo.gl/fbAQLP

exports[`Render 'Create Room' Modal 1`] = `
<styled.form
  onSubmit={[Function]}
>
  <h1>
    Add Room
  </h1>
  <label
    htmlFor="name"
  >
    Name
  </label>
  <input
    id="name"
  />
  <label
    htmlFor="group"
  >
    Group
  </label>
  <input
    id="group"
  />
  <label
    htmlFor="shared"
  >
    Shared
  </label>
  <input
    id="shared"
    type="checkbox"
  />
  <label
    htmlFor="maxPax"
  >
    Max Pax
  </label>
  <input
    id="maxPax"
  />
  <label
    htmlFor="basePrice"
  >
    Base Price
  </label>
  <input
    id="basePrice"
  />
  <label
    htmlFor="personPrice"
  >
    Person Price
  </label>
  <input
    id="personPrice"
  />
  <label
    htmlFor="showBeds"
  >
    Show Beds
  </label>
  <input
    id="showBeds"
    type="checkbox"
  />
  <button
    onClick={[Function]}
    type="reset"
  >
    Cancel
  </button>
  <button
    type="submit"
  >
    Save
  </button>
</styled.form>
`;
