// Jest Snapshot v1, https://goo.gl/fbAQLP

exports[`Render default 'Create Booking' modal 1`] = `
<styled.form>
  <h1>
    Create Booking
  </h1>
  <div
    id="labeled_booking_name"
  >
    <label
      htmlFor="booking_name"
    >
      Booking name:
    </label>
    <input
      id="booking_name"
    />
  </div>
  <div
    id="accommodation_details"
  >
    <div>
      <p>
        Room
      </p>
      <p>
        Guest
      </p>
      <p>
        Arrival
      </p>
      <p>
        Departure
      </p>
      <p>
        Nights
      </p>
      <p>
        Price
      </p>
    </div>
    <div>
      <input />
      <section>
        <input />
        <input
          type="date"
        />
        <input
          type="date"
        />
        <input />
        <p>
          Price
        </p>
      </section>
    </div>
  </div>
  <button>
    Add Room
  </button>
  <button>
    Add Guest
  </button>
  <p
    id="total"
  >
    Total: R
  </p>
  <textarea />
  <div
    id="form_controls"
  >
    <button>
      Create Booking
    </button>
    <button>
      Cancel
    </button>
  </div>
</styled.form>
`;
