// Jest Snapshot v1, https://goo.gl/fbAQLP

exports[`Render 'Edit Booking' Modal 1`] = `
<styled.form
  onSubmit={[Function]}
>
  <h1>
    Edit Booking
  </h1>
  <label
    htmlFor="name"
  >
    Name:
  </label>
  <input
    id="name"
    onChange={[Function]}
    value="A"
  />
  <label
    htmlFor="date"
  >
    Date:
  </label>
  <input
    id="date"
    onChange={[Function]}
    type="date"
    value="2021-06-07"
  />
  <label
    htmlFor="room"
  >
    Room:
  </label>
  <select
    id="room"
    onChange={[Function]}
    value={0}
  >
    <option
      value={0}
    >
      [object Object] - 0
    </option>
    <option
      value={1}
    >
      [object Object] - 1
    </option>
    <option
      value={2}
    >
      [object Object] - 2
    </option>
  </select>
  <label
    htmlFor="nights"
  >
    Nights:
  </label>
  <input
    id="nights"
    onChange={[Function]}
    value={10}
  />
  <button
    onClick={[Function]}
    type="reset"
  >
    Cancel
  </button>
  <button
    type="submit"
  >
    Save
  </button>
</styled.form>
`;
