// Jest Snapshot v1, https://goo.gl/fbAQLP

exports[`Render default Add Room screen 1`] = `
<styled.div>
  <styled.div>
    <form>
      <label>
        Name
      </label>
      <input />
      <label>
        Group
      </label>
      <input />
      <label>
        Max Pax
      </label>
      <input />
      <button>
        Cancel
      </button>
      <button>
        Add Room
      </button>
    </form>
  </styled.div>
  <Memo(Connect(RoomsList)) />
</styled.div>
`;
