// Jest Snapshot v1, https://goo.gl/fbAQLP

exports[`Render default rooms list 1`] = `
<styled.div>
  <RoomGroup
    group={
      Object {
        "groupName": "Camping",
        "rooms": Array [
          Object {
            "maxPax": 80,
            "roomName": "camping",
          },
        ],
      }
    }
    toggleGroup={[Function]}
    toggleRoom={[Function]}
  />
  <RoomGroup
    group={
      Object {
        "groupName": "Safari Tents",
        "rooms": Array [
          Object {
            "maxPax": 2,
            "roomName": "safari_tent_1",
          },
          Object {
            "maxPax": 2,
            "roomName": "safari_tent_2",
          },
          Object {
            "maxPax": 2,
            "roomName": "safari_tent_3",
          },
          Object {
            "maxPax": 2,
            "roomName": "safari_tent_4",
          },
          Object {
            "maxPax": 2,
            "roomName": "safari_tent_5",
          },
          Object {
            "maxPax": 2,
            "roomName": "safari_tent_6",
          },
          Object {
            "maxPax": 2,
            "roomName": "safari_tent_7",
          },
          Object {
            "maxPax": 2,
            "roomName": "safari_tent_8",
          },
          Object {
            "maxPax": 2,
            "roomName": "safari_tent_9",
          },
          Object {
            "maxPax": 2,
            "roomName": "safari_tent_10",
          },
          Object {
            "maxPax": 2,
            "roomName": "safari_tent_11",
          },
          Object {
            "maxPax": 2,
            "roomName": "safari_tent_12",
          },
        ],
      }
    }
    toggleGroup={[Function]}
    toggleRoom={[Function]}
  />
  <RoomGroup
    group={
      Object {
        "groupName": "Dove",
        "rooms": Array [
          Object {
            "maxPax": 4,
            "roomName": "dove_left",
          },
          Object {
            "maxPax": 3,
            "roomName": "dove_middle",
          },
          Object {
            "maxPax": 4,
            "roomName": "dove_right",
          },
        ],
      }
    }
    toggleGroup={[Function]}
    toggleRoom={[Function]}
  />
  <RoomGroup
    group={
      Object {
        "groupName": "Loerie",
        "rooms": Array [
          Object {
            "maxPax": 2,
            "roomName": "loerie_left",
          },
          Object {
            "maxPax": 2,
            "roomName": "loerie_right",
          },
          Object {
            "maxPax": 4,
            "roomName": "loerie_family",
          },
        ],
      }
    }
    toggleGroup={[Function]}
    toggleRoom={[Function]}
  />
  <RoomGroup
    group={
      Object {
        "groupName": "Owl",
        "rooms": Array [
          Object {
            "maxPax": 2,
            "roomName": "owl_left",
          },
          Object {
            "maxPax": 5,
            "roomName": "owl_lounge",
          },
          Object {
            "maxPax": 2,
            "roomName": "owl_right",
          },
        ],
      }
    }
    toggleGroup={[Function]}
    toggleRoom={[Function]}
  />
  <RoomGroup
    group={
      Object {
        "groupName": "Dorms",
        "rooms": Array [
          Object {
            "maxPax": 8,
            "roomName": "dove_dorm",
          },
          Object {
            "maxPax": 7,
            "roomName": "forest_house",
          },
          Object {
            "maxPax": 11,
            "roomName": "forest_house_2",
          },
          Object {
            "maxPax": 7,
            "roomName": "loerie_dorm",
          },
          Object {
            "maxPax": 9,
            "roomName": "owl_dorm",
          },
        ],
      }
    }
    toggleGroup={[Function]}
    toggleRoom={[Function]}
  />
</styled.div>
`;
