// Jest Snapshot v1, https://goo.gl/fbAQLP

exports[`Render default dates 1`] = `
<styled.div
  numDates={1}
/>
`;

exports[`Render populated dates 1`] = `
<styled.div
  numDates={91}
>
  <styled.div
    hoveredCell={false}
  >
    <p>
      May
    </p>
    <p>
      9
    </p>
  </styled.div>
  <styled.div
    hoveredCell={false}
  >
    <p>
      May
    </p>
    <p>
      10
    </p>
  </styled.div>
  <styled.div
    hoveredCell={false}
  >
    <p>
      May
    </p>
    <p>
      11
    </p>
  </styled.div>
  <styled.div
    hoveredCell={false}
  >
    <p>
      May
    </p>
    <p>
      12
    </p>
  </styled.div>
  <styled.div
    hoveredCell={false}
  >
    <p>
      May
    </p>
    <p>
      13
    </p>
  </styled.div>
  <styled.div
    hoveredCell={false}
  >
    <p>
      May
    </p>
    <p>
      14
    </p>
  </styled.div>
  <styled.div
    hoveredCell={false}
  >
    <p>
      May
    </p>
    <p>
      15
    </p>
  </styled.div>
  <styled.div
    hoveredCell={false}
  >
    <p>
      May
    </p>
    <p>
      16
    </p>
  </styled.div>
  <styled.div
    hoveredCell={false}
  >
    <p>
      May
    </p>
    <p>
      17
    </p>
  </styled.div>
  <styled.div
    hoveredCell={false}
  >
    <p>
      May
    </p>
    <p>
      18
    </p>
  </styled.div>
  <styled.div
    hoveredCell={false}
  >
    <p>
      May
    </p>
    <p>
      19
    </p>
  </styled.div>
  <styled.div
    hoveredCell={false}
  >
    <p>
      May
    </p>
    <p>
      20
    </p>
  </styled.div>
  <styled.div
    hoveredCell={false}
  >
    <p>
      May
    </p>
    <p>
      21
    </p>
  </styled.div>
  <styled.div
    hoveredCell={false}
  >
    <p>
      May
    </p>
    <p>
      22
    </p>
  </styled.div>
  <styled.div
    hoveredCell={false}
  >
    <p>
      May
    </p>
    <p>
      23
    </p>
  </styled.div>
  <styled.div
    hoveredCell={false}
  >
    <p>
      May
    </p>
    <p>
      24
    </p>
  </styled.div>
  <styled.div
    hoveredCell={false}
  >
    <p>
      May
    </p>
    <p>
      25
    </p>
  </styled.div>
  <styled.div
    hoveredCell={false}
  >
    <p>
      May
    </p>
    <p>
      26
    </p>
  </styled.div>
  <styled.div
    hoveredCell={false}
  >
    <p>
      May
    </p>
    <p>
      27
    </p>
  </styled.div>
  <styled.div
    hoveredCell={false}
  >
    <p>
      May
    </p>
    <p>
      28
    </p>
  </styled.div>
  <styled.div
    hoveredCell={false}
  >
    <p>
      May
    </p>
    <p>
      29
    </p>
  </styled.div>
  <styled.div
    hoveredCell={false}
  >
    <p>
      May
    </p>
    <p>
      30
    </p>
  </styled.div>
  <styled.div
    hoveredCell={false}
  >
    <p>
      May
    </p>
    <p>
      31
    </p>
  </styled.div>
  <styled.div
    hoveredCell={false}
  >
    <p>
      June
    </p>
    <p>
      1
    </p>
  </styled.div>
  <styled.div
    hoveredCell={false}
  >
    <p>
      June
    </p>
    <p>
      2
    </p>
  </styled.div>
  <styled.div
    hoveredCell={false}
  >
    <p>
      June
    </p>
    <p>
      3
    </p>
  </styled.div>
  <styled.div
    hoveredCell={false}
  >
    <p>
      June
    </p>
    <p>
      4
    </p>
  </styled.div>
  <styled.div
    hoveredCell={false}
  >
    <p>
      June
    </p>
    <p>
      5
    </p>
  </styled.div>
  <styled.div
    hoveredCell={false}
  >
    <p>
      June
    </p>
    <p>
      6
    </p>
  </styled.div>
  <styled.div
    hoveredCell={false}
  >
    <p>
      June
    </p>
    <p>
      7
    </p>
  </styled.div>
  <styled.div
    hoveredCell={false}
  >
    <p>
      June
    </p>
    <p>
      8
    </p>
  </styled.div>
  <styled.div
    hoveredCell={false}
  >
    <p>
      June
    </p>
    <p>
      9
    </p>
  </styled.div>
  <styled.div
    hoveredCell={false}
  >
    <p>
      June
    </p>
    <p>
      10
    </p>
  </styled.div>
  <styled.div
    hoveredCell={false}
  >
    <p>
      June
    </p>
    <p>
      11
    </p>
  </styled.div>
  <styled.div
    hoveredCell={false}
  >
    <p>
      June
    </p>
    <p>
      12
    </p>
  </styled.div>
  <styled.div
    hoveredCell={false}
  >
    <p>
      June
    </p>
    <p>
      13
    </p>
  </styled.div>
  <styled.div
    hoveredCell={false}
  >
    <p>
      June
    </p>
    <p>
      14
    </p>
  </styled.div>
  <styled.div
    hoveredCell={false}
  >
    <p>
      June
    </p>
    <p>
      15
    </p>
  </styled.div>
  <styled.div
    hoveredCell={false}
  >
    <p>
      June
    </p>
    <p>
      16
    </p>
  </styled.div>
  <styled.div
    hoveredCell={false}
  >
    <p>
      June
    </p>
    <p>
      17
    </p>
  </styled.div>
  <styled.div
    hoveredCell={false}
  >
    <p>
      June
    </p>
    <p>
      18
    </p>
  </styled.div>
  <styled.div
    hoveredCell={false}
  >
    <p>
      June
    </p>
    <p>
      19
    </p>
  </styled.div>
  <styled.div
    hoveredCell={false}
  >
    <p>
      June
    </p>
    <p>
      20
    </p>
  </styled.div>
  <styled.div
    hoveredCell={false}
  >
    <p>
      June
    </p>
    <p>
      21
    </p>
  </styled.div>
  <styled.div
    hoveredCell={false}
  >
    <p>
      June
    </p>
    <p>
      22
    </p>
  </styled.div>
  <styled.div
    hoveredCell={false}
  >
    <p>
      June
    </p>
    <p>
      23
    </p>
  </styled.div>
  <styled.div
    hoveredCell={false}
  >
    <p>
      June
    </p>
    <p>
      24
    </p>
  </styled.div>
  <styled.div
    hoveredCell={false}
  >
    <p>
      June
    </p>
    <p>
      25
    </p>
  </styled.div>
  <styled.div
    hoveredCell={false}
  >
    <p>
      June
    </p>
    <p>
      26
    </p>
  </styled.div>
  <styled.div
    hoveredCell={false}
  >
    <p>
      June
    </p>
    <p>
      27
    </p>
  </styled.div>
  <styled.div
    hoveredCell={false}
  >
    <p>
      June
    </p>
    <p>
      28
    </p>
  </styled.div>
  <styled.div
    hoveredCell={false}
  >
    <p>
      June
    </p>
    <p>
      29
    </p>
  </styled.div>
  <styled.div
    hoveredCell={false}
  >
    <p>
      June
    </p>
    <p>
      30
    </p>
  </styled.div>
  <styled.div
    hoveredCell={false}
  >
    <p>
      July
    </p>
    <p>
      1
    </p>
  </styled.div>
  <styled.div
    hoveredCell={false}
  >
    <p>
      July
    </p>
    <p>
      2
    </p>
  </styled.div>
  <styled.div
    hoveredCell={false}
  >
    <p>
      July
    </p>
    <p>
      3
    </p>
  </styled.div>
  <styled.div
    hoveredCell={false}
  >
    <p>
      July
    </p>
    <p>
      4
    </p>
  </styled.div>
  <styled.div
    hoveredCell={false}
  >
    <p>
      July
    </p>
    <p>
      5
    </p>
  </styled.div>
  <styled.div
    hoveredCell={false}
  >
    <p>
      July
    </p>
    <p>
      6
    </p>
  </styled.div>
  <styled.div
    hoveredCell={false}
  >
    <p>
      July
    </p>
    <p>
      7
    </p>
  </styled.div>
  <styled.div
    hoveredCell={false}
  >
    <p>
      July
    </p>
    <p>
      8
    </p>
  </styled.div>
  <styled.div
    hoveredCell={false}
  >
    <p>
      July
    </p>
    <p>
      9
    </p>
  </styled.div>
  <styled.div
    hoveredCell={false}
  >
    <p>
      July
    </p>
    <p>
      10
    </p>
  </styled.div>
  <styled.div
    hoveredCell={false}
  >
    <p>
      July
    </p>
    <p>
      11
    </p>
  </styled.div>
  <styled.div
    hoveredCell={false}
  >
    <p>
      July
    </p>
    <p>
      12
    </p>
  </styled.div>
  <styled.div
    hoveredCell={false}
  >
    <p>
      July
    </p>
    <p>
      13
    </p>
  </styled.div>
  <styled.div
    hoveredCell={false}
  >
    <p>
      July
    </p>
    <p>
      14
    </p>
  </styled.div>
  <styled.div
    hoveredCell={false}
  >
    <p>
      July
    </p>
    <p>
      15
    </p>
  </styled.div>
  <styled.div
    hoveredCell={false}
  >
    <p>
      July
    </p>
    <p>
      16
    </p>
  </styled.div>
  <styled.div
    hoveredCell={false}
  >
    <p>
      July
    </p>
    <p>
      17
    </p>
  </styled.div>
  <styled.div
    hoveredCell={false}
  >
    <p>
      July
    </p>
    <p>
      18
    </p>
  </styled.div>
  <styled.div
    hoveredCell={false}
  >
    <p>
      July
    </p>
    <p>
      19
    </p>
  </styled.div>
  <styled.div
    hoveredCell={false}
  >
    <p>
      July
    </p>
    <p>
      20
    </p>
  </styled.div>
  <styled.div
    hoveredCell={false}
  >
    <p>
      July
    </p>
    <p>
      21
    </p>
  </styled.div>
  <styled.div
    hoveredCell={false}
  >
    <p>
      July
    </p>
    <p>
      22
    </p>
  </styled.div>
  <styled.div
    hoveredCell={false}
  >
    <p>
      July
    </p>
    <p>
      23
    </p>
  </styled.div>
  <styled.div
    hoveredCell={false}
  >
    <p>
      July
    </p>
    <p>
      24
    </p>
  </styled.div>
  <styled.div
    hoveredCell={false}
  >
    <p>
      July
    </p>
    <p>
      25
    </p>
  </styled.div>
  <styled.div
    hoveredCell={false}
  >
    <p>
      July
    </p>
    <p>
      26
    </p>
  </styled.div>
  <styled.div
    hoveredCell={false}
  >
    <p>
      July
    </p>
    <p>
      27
    </p>
  </styled.div>
  <styled.div
    hoveredCell={false}
  >
    <p>
      July
    </p>
    <p>
      28
    </p>
  </styled.div>
  <styled.div
    hoveredCell={false}
  >
    <p>
      July
    </p>
    <p>
      29
    </p>
  </styled.div>
  <styled.div
    hoveredCell={false}
  >
    <p>
      July
    </p>
    <p>
      30
    </p>
  </styled.div>
  <styled.div
    hoveredCell={false}
  >
    <p>
      July
    </p>
    <p>
      31
    </p>
  </styled.div>
  <styled.div
    hoveredCell={false}
  >
    <p>
      August
    </p>
    <p>
      1
    </p>
  </styled.div>
  <styled.div
    hoveredCell={false}
  >
    <p>
      August
    </p>
    <p>
      2
    </p>
  </styled.div>
  <styled.div
    hoveredCell={false}
  >
    <p>
      August
    </p>
    <p>
      3
    </p>
  </styled.div>
  <styled.div
    hoveredCell={false}
  >
    <p>
      August
    </p>
    <p>
      4
    </p>
  </styled.div>
  <styled.div
    hoveredCell={false}
  >
    <p>
      August
    </p>
    <p>
      5
    </p>
  </styled.div>
  <styled.div
    hoveredCell={false}
  >
    <p>
      August
    </p>
    <p>
      6
    </p>
  </styled.div>
  <styled.div
    hoveredCell={false}
  >
    <p>
      August
    </p>
    <p>
      7
    </p>
  </styled.div>
</styled.div>
`;
