// Jest Snapshot v1, https://goo.gl/fbAQLP

exports[`Render default rooms list 1`] = `
<styled.div>
  <styled.div>
    <h3
      onClick={[Function]}
    >
      Camping
    </h3>
  </styled.div>
  <styled.div>
    <h3
      onClick={[Function]}
    >
      Safari Tents
    </h3>
  </styled.div>
  <styled.div>
    <h3
      onClick={[Function]}
    >
      Dove
    </h3>
  </styled.div>
  <styled.div>
    <h3
      onClick={[Function]}
    >
      Loerie
    </h3>
  </styled.div>
  <styled.div>
    <h3
      onClick={[Function]}
    >
      Owl
    </h3>
  </styled.div>
  <styled.div>
    <h3
      onClick={[Function]}
    >
      Dorms
    </h3>
  </styled.div>
</styled.div>
`;
